[     137ms] [LOG] [Fast Refresh] rebuilding @ http://localhost:3000/_next/static/chunks/0~h5_next_dist_0wgao6p._.js:2477
[     975ms] [LOG] [Fast Refresh] done in 952ms @ http://localhost:3000/_next/static/chunks/0~h5_next_dist_0wgao6p._.js:2477
[    1138ms] [INFO] %cDownload the React DevTools for a better development experience: https://react.dev/link/react-devtools font-weight:bold @ http://localhost:3000/_next/static/chunks/0~h5_next_dist_0wgao6p._.js:2477
[    1176ms] [LOG] [HMR] connected @ http://localhost:3000/_next/static/chunks/0~h5_next_dist_0wgao6p._.js:2477
[    1712ms] [LOG] [Fast Refresh] rebuilding @ http://localhost:3000/_next/static/chunks/0~h5_next_dist_0wgao6p._.js:2477
[    2105ms] [LOG] [Fast Refresh] done in 494ms @ http://localhost:3000/_next/static/chunks/0~h5_next_dist_0wgao6p._.js:2477
[    2652ms] [WARNING] EncodingError: The source image cannot be decoded. @ http://localhost:3000/_next/static/chunks/0~h5_next_dist_0wgao6p._.js:2477
[    2653ms] [WARNING] EncodingError: The source image cannot be decoded. @ http://localhost:3000/_next/static/chunks/0~h5_next_dist_0wgao6p._.js:2477
[    2656ms] [WARNING] Could not load image with source https://images.unsplash.com/photo-1517976487545-56064f7b233a?auto=format&fit=crop&w=1280&q=80, retrying again in 1000ms @ http://localhost:3000/_next/static/chunks/0~h5_next_dist_0wgao6p._.js:2477
[    2656ms] [WARNING] Could not load image with source https://images.unsplash.com/photo-1517976487545-56064f7b233a?auto=format&fit=crop&w=1280&q=80, retrying again in 1000ms @ http://localhost:3000/_next/static/chunks/0~h5_next_dist_0wgao6p._.js:2477
[    3857ms] [WARNING] Could not load image with source https://images.unsplash.com/photo-1517976487545-56064f7b233a?auto=format&fit=crop&w=1280&q=80, retrying again in 2000ms @ http://localhost:3000/_next/static/chunks/0~h5_next_dist_0wgao6p._.js:2477
[    3860ms] [WARNING] Could not load image with source https://images.unsplash.com/photo-1517976487545-56064f7b233a?auto=format&fit=crop&w=1280&q=80, retrying again in 2000ms @ http://localhost:3000/_next/static/chunks/0~h5_next_dist_0wgao6p._.js:2477
[   17595ms] [WARNING] EncodingError: The source image cannot be decoded. @ http://localhost:3000/_next/static/chunks/0~h5_next_dist_0wgao6p._.js:2477
[   46846ms] [ERROR] Failed to load resource: the server responded with a status of 403 () @ https://api.maptiler.com/maps/satellite/static/34.611433669924736,31.525902198101488,13/1280x720@2x.png?key=jOZjE6OFCG3Pubui9GcI:0
[  216357ms] [LOG] [Fast Refresh] rebuilding @ http://localhost:3000/_next/static/chunks/0~h5_next_dist_0wgao6p._.js:2477
[  216446ms] [LOG] [Fast Refresh] done in 202ms @ http://localhost:3000/_next/static/chunks/0~h5_next_dist_0wgao6p._.js:2477
[  216589ms] [INFO] %cDownload the React DevTools for a better development experience: https://react.dev/link/react-devtools font-weight:bold @ http://localhost:3000/_next/static/chunks/0~h5_next_dist_0wgao6p._.js:2477
[  216641ms] [LOG] [HMR] connected @ http://localhost:3000/_next/static/chunks/0~h5_next_dist_0wgao6p._.js:2477
[  217225ms] [WARNING] EncodingError: The source image cannot be decoded. @ http://localhost:3000/_next/static/chunks/0~h5_next_dist_0wgao6p._.js:2477
[  217225ms] [WARNING] EncodingError: The source image cannot be decoded. @ http://localhost:3000/_next/static/chunks/0~h5_next_dist_0wgao6p._.js:2477
[  217225ms] [WARNING] Could not load image with source https://images.unsplash.com/photo-1517976487545-56064f7b233a?auto=format&fit=crop&w=1280&q=80, retrying again in 1000ms @ http://localhost:3000/_next/static/chunks/0~h5_next_dist_0wgao6p._.js:2477
[  217225ms] [WARNING] Could not load image with source https://images.unsplash.com/photo-1517976487545-56064f7b233a?auto=format&fit=crop&w=1280&q=80, retrying again in 1000ms @ http://localhost:3000/_next/static/chunks/0~h5_next_dist_0wgao6p._.js:2477
[  218409ms] [WARNING] Could not load image with source https://images.unsplash.com/photo-1517976487545-56064f7b233a?auto=format&fit=crop&w=1280&q=80, retrying again in 2000ms @ http://localhost:3000/_next/static/chunks/0~h5_next_dist_0wgao6p._.js:2477
[  218409ms] [WARNING] Could not load image with source https://images.unsplash.com/photo-1517976487545-56064f7b233a?auto=format&fit=crop&w=1280&q=80, retrying again in 2000ms @ http://localhost:3000/_next/static/chunks/0~h5_next_dist_0wgao6p._.js:2477
[  243938ms] [WARNING] EncodingError: The source image cannot be decoded. @ http://localhost:3000/_next/static/chunks/0~h5_next_dist_0wgao6p._.js:2477
[  248935ms] [WARNING] EncodingError: The source image cannot be decoded. @ http://localhost:3000/_next/static/chunks/0~h5_next_dist_0wgao6p._.js:2477
[  248935ms] [WARNING] EncodingError: The source image cannot be decoded. @ http://localhost:3000/_next/static/chunks/0~h5_next_dist_0wgao6p._.js:2477
[  248935ms] [WARNING] EncodingError: The source image cannot be decoded. @ http://localhost:3000/_next/static/chunks/0~h5_next_dist_0wgao6p._.js:2477
[  249567ms] [WARNING] EncodingError: The source image cannot be decoded. @ http://localhost:3000/_next/static/chunks/0~h5_next_dist_0wgao6p._.js:2477
[  249568ms] [WARNING] EncodingError: The source image cannot be decoded. @ http://localhost:3000/_next/static/chunks/0~h5_next_dist_0wgao6p._.js:2477
[  249568ms] [WARNING] EncodingError: The source image cannot be decoded. @ http://localhost:3000/_next/static/chunks/0~h5_next_dist_0wgao6p._.js:2477
[  249572ms] [WARNING] Could not load image with source https://upload.wikimedia.org/wikipedia/commons/thumb/1/1c/John_Wesley_by_George_Romney.jpg/440px-John_Wesley_by_George_Romney.jpg, retrying again in 1000ms @ http://localhost:3000/_next/static/chunks/0~h5_next_dist_0wgao6p._.js:2477
[  249572ms] [WARNING] Could not load image with source https://upload.wikimedia.org/wikipedia/commons/thumb/9/91/Martin_Luther_by_Cranach-2.jpg/440px-Martin_Luther_by_Cranach-2.jpg, retrying again in 1000ms @ http://localhost:3000/_next/static/chunks/0~h5_next_dist_0wgao6p._.js:2477
[  249572ms] [WARNING] Could not load image with source https://upload.wikimedia.org/wikipedia/commons/thumb/5/58/John_Calvin_Museum_Catharijneconvent_RMCC_s72_cropped.png/440px-John_Calvin_Museum_Catharijneconvent_RMCC_s72_cropped.png, retrying again in 1000ms @ http://localhost:3000/_next/static/chunks/0~h5_next_dist_0wgao6p._.js:2477
[  250945ms] [WARNING] Could not load image with source https://upload.wikimedia.org/wikipedia/commons/thumb/9/91/Martin_Luther_by_Cranach-2.jpg/440px-Martin_Luther_by_Cranach-2.jpg, retrying again in 2000ms @ http://localhost:3000/_next/static/chunks/0~h5_next_dist_0wgao6p._.js:2477
[  250946ms] [WARNING] Could not load image with source https://upload.wikimedia.org/wikipedia/commons/thumb/5/58/John_Calvin_Museum_Catharijneconvent_RMCC_s72_cropped.png/440px-John_Calvin_Museum_Catharijneconvent_RMCC_s72_cropped.png, retrying again in 2000ms @ http://localhost:3000/_next/static/chunks/0~h5_next_dist_0wgao6p._.js:2477
[  250953ms] [WARNING] Could not load image with source https://upload.wikimedia.org/wikipedia/commons/thumb/1/1c/John_Wesley_by_George_Romney.jpg/440px-John_Wesley_by_George_Romney.jpg, retrying again in 2000ms @ http://localhost:3000/_next/static/chunks/0~h5_next_dist_0wgao6p._.js:2477
[  254946ms] [WARNING] EncodingError: The source image cannot be decoded. @ http://localhost:3000/_next/static/chunks/0~h5_next_dist_0wgao6p._.js:2477
[  255140ms] [WARNING] EncodingError: The source image cannot be decoded. @ http://localhost:3000/_next/static/chunks/0~h5_next_dist_0wgao6p._.js:2477
[  255140ms] [WARNING] Could not load image with source https://images.unsplash.com/photo-1517976487545-56064f7b233a?auto=format&fit=crop&w=1280&q=80, retrying again in 1000ms @ http://localhost:3000/_next/static/chunks/0~h5_next_dist_0wgao6p._.js:2477
[  256341ms] [WARNING] Could not load image with source https://images.unsplash.com/photo-1517976487545-56064f7b233a?auto=format&fit=crop&w=1280&q=80, retrying again in 2000ms @ http://localhost:3000/_next/static/chunks/0~h5_next_dist_0wgao6p._.js:2477
